[
{
"time" : "17:09:18",
"message" : "Reset 'presetn == 0' is not effective: there is a subtrace of size 1 at time 146"}
,
{
"time" : "17:09:18",
"message" : "Reset 'presetn == 0' is not effective: there is a subtrace of size 1 at time 157"}
,
{
"time" : "17:09:18",
"message" : "Reset 'presetn == 0' is not effective: there is a subtrace of size 1 at time 1147"}
,
{
"time" : "17:09:18",
"message" : "Reset 'presetn == 0' is not effective: there is a subtrace of size 1 at time 2047"}
,
{
"time" : "17:09:18",
"message" : "Reset 'presetn == 0' is not effective: there is a subtrace of size 1 at time 4247"}
,
{
"time" : "17:19:52",
"message" : "Reset 'presetn == 0' is not effective: there is a subtrace of size 1 at time 146"}
,
{
"time" : "17:19:52",
"message" : "Reset 'presetn == 0' is not effective: there is a subtrace of size 1 at time 157"}
,
{
"time" : "17:19:52",
"message" : "Reset 'presetn == 0' is not effective: there is a subtrace of size 1 at time 1147"}
,
{
"time" : "17:19:52",
"message" : "Reset 'presetn == 0' is not effective: there is a subtrace of size 1 at time 2047"}
,
{
"time" : "17:19:52",
"message" : "Reset 'presetn == 0' is not effective: there is a subtrace of size 1 at time 4247"}
,
{
"time" : "17:22:49",
"message" : "Reset 'presetn == 0' is not effective: there is a subtrace of size 1 at time 146"}
,
{
"time" : "17:22:49",
"message" : "Reset 'presetn == 0' is not effective: there is a subtrace of size 1 at time 157"}
,
{
"time" : "17:22:49",
"message" : "Reset 'presetn == 0' is not effective: there is a subtrace of size 1 at time 1147"}
,
{
"time" : "17:22:49",
"message" : "Reset 'presetn == 0' is not effective: there is a subtrace of size 1 at time 2047"}
,
{
"time" : "17:22:49",
"message" : "Reset 'presetn == 0' is not effective: there is a subtrace of size 1 at time 4247"}
]
