[
{
"time" : "17:09:13",
"message" : "Reset 'presetn == 0' is not effective: there is a subtrace of size 1 at time 5998"}
,
{
"time" : "17:09:13",
"message" : "Could not mine any assertions for context 'default'"}
,
{
"time" : "17:19:47",
"message" : "Reset 'presetn == 0' is not effective: there is a subtrace of size 1 at time 5998"}
,
{
"time" : "17:19:47",
"message" : "Could not mine any assertions for context 'default'"}
,
{
"time" : "17:22:44",
"message" : "Reset 'presetn == 0' is not effective: there is a subtrace of size 1 at time 5998"}
,
{
"time" : "17:22:44",
"message" : "Could not mine any assertions for context 'default'"}
]
