[
{
"time" : "19:39:45",
"message" : "Reset 'rst_n == 0' is not effective: there is a subtrace of size 1 at time 29"}
,
{
"time" : "19:39:45",
"message" : "Reset 'rst_n == 0' is not effective: there is a subtrace of size 1 at time 436"}
,
{
"time" : "19:39:45",
"message" : "Reset 'rst_n == 0' is not effective: there is a subtrace of size 1 at time 840"}
,
{
"time" : "19:39:45",
"message" : "Reset 'rst_n == 0' is not effective: there is a subtrace of size 1 at time 1443"}
,
{
"time" : "19:39:45",
"message" : "Reset 'rst_n == 0' is not effective: there is a subtrace of size 1 at time 1492"}
,
{
"time" : "19:39:45",
"message" : "Reset 'rst_n == 0' is not effective: there is a subtrace of size 1 at time 2177"}
,
{
"time" : "19:39:45",
"message" : "Reset 'rst_n == 0' is not effective: there is a subtrace of size 1 at time 2317"}
,
{
"time" : "19:39:45",
"message" : "Reset 'rst_n == 0' is not effective: there is a subtrace of size 1 at time 2796"}
,
{
"time" : "20:02:18",
"message" : "Reset 'rst_n == 0' is not effective: there is a subtrace of size 1 at time 29"}
,
{
"time" : "20:02:18",
"message" : "Reset 'rst_n == 0' is not effective: there is a subtrace of size 1 at time 436"}
,
{
"time" : "20:02:18",
"message" : "Reset 'rst_n == 0' is not effective: there is a subtrace of size 1 at time 840"}
,
{
"time" : "20:02:18",
"message" : "Reset 'rst_n == 0' is not effective: there is a subtrace of size 1 at time 1443"}
,
{
"time" : "20:02:18",
"message" : "Reset 'rst_n == 0' is not effective: there is a subtrace of size 1 at time 1492"}
,
{
"time" : "20:02:18",
"message" : "Reset 'rst_n == 0' is not effective: there is a subtrace of size 1 at time 2177"}
,
{
"time" : "20:02:18",
"message" : "Reset 'rst_n == 0' is not effective: there is a subtrace of size 1 at time 2317"}
,
{
"time" : "20:02:18",
"message" : "Reset 'rst_n == 0' is not effective: there is a subtrace of size 1 at time 2796"}
,
{
"time" : "22:02:06",
"message" : "Reset 'rst_n == 0' is not effective: there is a subtrace of size 1 at time 29"}
,
{
"time" : "22:02:06",
"message" : "Reset 'rst_n == 0' is not effective: there is a subtrace of size 1 at time 436"}
,
{
"time" : "22:02:06",
"message" : "Reset 'rst_n == 0' is not effective: there is a subtrace of size 1 at time 840"}
,
{
"time" : "22:02:06",
"message" : "Reset 'rst_n == 0' is not effective: there is a subtrace of size 1 at time 1443"}
,
{
"time" : "22:02:06",
"message" : "Reset 'rst_n == 0' is not effective: there is a subtrace of size 1 at time 1492"}
,
{
"time" : "22:02:06",
"message" : "Reset 'rst_n == 0' is not effective: there is a subtrace of size 1 at time 2177"}
,
{
"time" : "22:02:06",
"message" : "Reset 'rst_n == 0' is not effective: there is a subtrace of size 1 at time 2317"}
,
{
"time" : "22:02:06",
"message" : "Reset 'rst_n == 0' is not effective: there is a subtrace of size 1 at time 2796"}
]
