[
{
"time" : "17:13:14",
"message" : "Reset 'rst_n == 0' is not effective: there is a subtrace of size 1 at time 29"}
,
{
"time" : "17:13:14",
"message" : "Reset 'rst_n == 0' is not effective: there is a subtrace of size 1 at time 436"}
,
{
"time" : "17:13:14",
"message" : "Reset 'rst_n == 0' is not effective: there is a subtrace of size 1 at time 840"}
,
{
"time" : "17:13:14",
"message" : "Reset 'rst_n == 0' is not effective: there is a subtrace of size 1 at time 1443"}
,
{
"time" : "17:13:14",
"message" : "Reset 'rst_n == 0' is not effective: there is a subtrace of size 1 at time 1492"}
,
{
"time" : "17:13:14",
"message" : "Reset 'rst_n == 0' is not effective: there is a subtrace of size 1 at time 2177"}
,
{
"time" : "17:13:14",
"message" : "Reset 'rst_n == 0' is not effective: there is a subtrace of size 1 at time 2317"}
,
{
"time" : "17:13:14",
"message" : "Reset 'rst_n == 0' is not effective: there is a subtrace of size 1 at time 2796"}
,
{
"time" : "17:26:41",
"message" : "Reset 'rst_n == 0' is not effective: there is a subtrace of size 1 at time 29"}
,
{
"time" : "17:26:41",
"message" : "Reset 'rst_n == 0' is not effective: there is a subtrace of size 1 at time 436"}
,
{
"time" : "17:26:41",
"message" : "Reset 'rst_n == 0' is not effective: there is a subtrace of size 1 at time 840"}
,
{
"time" : "17:26:41",
"message" : "Reset 'rst_n == 0' is not effective: there is a subtrace of size 1 at time 1443"}
,
{
"time" : "17:26:41",
"message" : "Reset 'rst_n == 0' is not effective: there is a subtrace of size 1 at time 1492"}
,
{
"time" : "17:26:41",
"message" : "Reset 'rst_n == 0' is not effective: there is a subtrace of size 1 at time 2177"}
,
{
"time" : "17:26:41",
"message" : "Reset 'rst_n == 0' is not effective: there is a subtrace of size 1 at time 2317"}
,
{
"time" : "17:26:41",
"message" : "Reset 'rst_n == 0' is not effective: there is a subtrace of size 1 at time 2796"}
]
