[
{
"time" : "19:56:40",
"message" : "Reset 'rst_n == 0' is not effective: there is a subtrace of size 1 at time 646"}
,
{
"time" : "19:56:40",
"message" : "Reset 'rst_n == 0' is not effective: there is a subtrace of size 1 at time 1502"}
,
{
"time" : "19:56:40",
"message" : "Reset 'rst_n == 0' is not effective: there is a subtrace of size 1 at time 1671"}
,
{
"time" : "19:56:40",
"message" : "Reset 'rst_n == 0' is not effective: there is a subtrace of size 1 at time 1741"}
,
{
"time" : "19:56:40",
"message" : "Reset 'rst_n == 0' is not effective: there is a subtrace of size 1 at time 1836"}
,
{
"time" : "19:56:40",
"message" : "Reset 'rst_n == 0' is not effective: there is a subtrace of size 1 at time 1837"}
,
{
"time" : "19:56:40",
"message" : "Reset 'rst_n == 0' is not effective: there is a subtrace of size 1 at time 2148"}
,
{
"time" : "19:56:40",
"message" : "Reset 'rst_n == 0' is not effective: there is a subtrace of size 1 at time 2709"}
,
{
"time" : "19:56:40",
"message" : "Reset 'rst_n == 0' is not effective: there is a subtrace of size 1 at time 2710"}
,
{
"time" : "19:56:40",
"message" : "Reset 'rst_n == 0' is not effective: there is a subtrace of size 1 at time 2826"}
,
{
"time" : "19:56:40",
"message" : "Reset 'rst_n == 0' is not effective: there is a subtrace of size 1 at time 3311"}
,
{
"time" : "19:56:40",
"message" : "Reset 'rst_n == 0' is not effective: there is a subtrace of size 1 at time 3375"}
,
{
"time" : "19:56:40",
"message" : "Reset 'rst_n == 0' is not effective: there is a subtrace of size 1 at time 3715"}
,
{
"time" : "19:56:40",
"message" : "Reset 'rst_n == 0' is not effective: there is a subtrace of size 1 at time 3716"}
,
{
"time" : "19:56:40",
"message" : "Reset 'rst_n == 0' is not effective: there is a subtrace of size 1 at time 4055"}
,
{
"time" : "19:56:40",
"message" : "Reset 'rst_n == 0' is not effective: there is a subtrace of size 1 at time 4638"}
,
{
"time" : "20:26:00",
"message" : "Reset 'rst_n == 0' is not effective: there is a subtrace of size 1 at time 646"}
,
{
"time" : "20:26:00",
"message" : "Reset 'rst_n == 0' is not effective: there is a subtrace of size 1 at time 1502"}
,
{
"time" : "20:26:00",
"message" : "Reset 'rst_n == 0' is not effective: there is a subtrace of size 1 at time 1671"}
,
{
"time" : "20:26:00",
"message" : "Reset 'rst_n == 0' is not effective: there is a subtrace of size 1 at time 1741"}
,
{
"time" : "20:26:00",
"message" : "Reset 'rst_n == 0' is not effective: there is a subtrace of size 1 at time 1836"}
,
{
"time" : "20:26:00",
"message" : "Reset 'rst_n == 0' is not effective: there is a subtrace of size 1 at time 1837"}
,
{
"time" : "20:26:00",
"message" : "Reset 'rst_n == 0' is not effective: there is a subtrace of size 1 at time 2148"}
,
{
"time" : "20:26:00",
"message" : "Reset 'rst_n == 0' is not effective: there is a subtrace of size 1 at time 2709"}
,
{
"time" : "20:26:00",
"message" : "Reset 'rst_n == 0' is not effective: there is a subtrace of size 1 at time 2710"}
,
{
"time" : "20:26:00",
"message" : "Reset 'rst_n == 0' is not effective: there is a subtrace of size 1 at time 2826"}
,
{
"time" : "20:26:00",
"message" : "Reset 'rst_n == 0' is not effective: there is a subtrace of size 1 at time 3311"}
,
{
"time" : "20:26:00",
"message" : "Reset 'rst_n == 0' is not effective: there is a subtrace of size 1 at time 3375"}
,
{
"time" : "20:26:00",
"message" : "Reset 'rst_n == 0' is not effective: there is a subtrace of size 1 at time 3715"}
,
{
"time" : "20:26:00",
"message" : "Reset 'rst_n == 0' is not effective: there is a subtrace of size 1 at time 3716"}
,
{
"time" : "20:26:00",
"message" : "Reset 'rst_n == 0' is not effective: there is a subtrace of size 1 at time 4055"}
,
{
"time" : "20:26:00",
"message" : "Reset 'rst_n == 0' is not effective: there is a subtrace of size 1 at time 4638"}
,
{
"time" : "22:27:53",
"message" : "Reset 'rst_n == 0' is not effective: there is a subtrace of size 1 at time 646"}
,
{
"time" : "22:27:53",
"message" : "Reset 'rst_n == 0' is not effective: there is a subtrace of size 1 at time 1502"}
,
{
"time" : "22:27:53",
"message" : "Reset 'rst_n == 0' is not effective: there is a subtrace of size 1 at time 1671"}
,
{
"time" : "22:27:53",
"message" : "Reset 'rst_n == 0' is not effective: there is a subtrace of size 1 at time 1741"}
,
{
"time" : "22:27:53",
"message" : "Reset 'rst_n == 0' is not effective: there is a subtrace of size 1 at time 1836"}
,
{
"time" : "22:27:53",
"message" : "Reset 'rst_n == 0' is not effective: there is a subtrace of size 1 at time 1837"}
,
{
"time" : "22:27:53",
"message" : "Reset 'rst_n == 0' is not effective: there is a subtrace of size 1 at time 2148"}
,
{
"time" : "22:27:53",
"message" : "Reset 'rst_n == 0' is not effective: there is a subtrace of size 1 at time 2709"}
,
{
"time" : "22:27:53",
"message" : "Reset 'rst_n == 0' is not effective: there is a subtrace of size 1 at time 2710"}
,
{
"time" : "22:27:53",
"message" : "Reset 'rst_n == 0' is not effective: there is a subtrace of size 1 at time 2826"}
,
{
"time" : "22:27:53",
"message" : "Reset 'rst_n == 0' is not effective: there is a subtrace of size 1 at time 3311"}
,
{
"time" : "22:27:53",
"message" : "Reset 'rst_n == 0' is not effective: there is a subtrace of size 1 at time 3375"}
,
{
"time" : "22:27:53",
"message" : "Reset 'rst_n == 0' is not effective: there is a subtrace of size 1 at time 3715"}
,
{
"time" : "22:27:53",
"message" : "Reset 'rst_n == 0' is not effective: there is a subtrace of size 1 at time 3716"}
,
{
"time" : "22:27:53",
"message" : "Reset 'rst_n == 0' is not effective: there is a subtrace of size 1 at time 4055"}
,
{
"time" : "22:27:53",
"message" : "Reset 'rst_n == 0' is not effective: there is a subtrace of size 1 at time 4638"}
,
{
"time" : "20:38:44",
"message" : "Reset 'rst_n == 0' is not effective: there is a subtrace of size 1 at time 646"}
,
{
"time" : "20:38:44",
"message" : "Reset 'rst_n == 0' is not effective: there is a subtrace of size 1 at time 1502"}
,
{
"time" : "20:38:44",
"message" : "Reset 'rst_n == 0' is not effective: there is a subtrace of size 1 at time 1671"}
,
{
"time" : "20:38:44",
"message" : "Reset 'rst_n == 0' is not effective: there is a subtrace of size 1 at time 1741"}
,
{
"time" : "20:38:44",
"message" : "Reset 'rst_n == 0' is not effective: there is a subtrace of size 1 at time 1836"}
,
{
"time" : "20:38:44",
"message" : "Reset 'rst_n == 0' is not effective: there is a subtrace of size 1 at time 1837"}
,
{
"time" : "20:38:44",
"message" : "Reset 'rst_n == 0' is not effective: there is a subtrace of size 1 at time 2148"}
,
{
"time" : "20:38:44",
"message" : "Reset 'rst_n == 0' is not effective: there is a subtrace of size 1 at time 2709"}
,
{
"time" : "20:38:44",
"message" : "Reset 'rst_n == 0' is not effective: there is a subtrace of size 1 at time 2710"}
,
{
"time" : "20:38:44",
"message" : "Reset 'rst_n == 0' is not effective: there is a subtrace of size 1 at time 2826"}
,
{
"time" : "20:38:44",
"message" : "Reset 'rst_n == 0' is not effective: there is a subtrace of size 1 at time 3311"}
,
{
"time" : "20:38:44",
"message" : "Reset 'rst_n == 0' is not effective: there is a subtrace of size 1 at time 3375"}
,
{
"time" : "20:38:44",
"message" : "Reset 'rst_n == 0' is not effective: there is a subtrace of size 1 at time 3715"}
,
{
"time" : "20:38:44",
"message" : "Reset 'rst_n == 0' is not effective: there is a subtrace of size 1 at time 3716"}
,
{
"time" : "20:38:44",
"message" : "Reset 'rst_n == 0' is not effective: there is a subtrace of size 1 at time 4055"}
,
{
"time" : "20:38:44",
"message" : "Reset 'rst_n == 0' is not effective: there is a subtrace of size 1 at time 4638"}
]
